// Jest Snapshot v1, https://goo.gl/fbAQLP

exports[`App component should take a snapshot 1`] = `
<DocumentFragment>
  <div
    class="calculator"
  >
    <textarea
      class="calculator-screen"
      disabled=""
    >
      0
    </textarea>
    <div
      class="calculator-keys"
    >
      <button
        class="operator"
        id="plus-btn"
        value="+"
      >
        +
      </button>
      <button
        class="operator"
        id="minus-btn"
        value="-"
      >
        -
      </button>
      <button
        class="operator"
        id="multiply-btn"
        value="*"
      >
        *
      </button>
      <button
        class="operator"
        id="divide-btn"
        value="/"
      >
        /
      </button>
      <button
        class="[]"
        id="seven-btn"
        value="7"
      >
        7
      </button>
      <button
        class="[]"
        id="eight-btn"
        value="8"
      >
        8
      </button>
      <button
        class="[]"
        id="nine-btn"
        value="9"
      >
        9
      </button>
      <button
        class="[]"
        id="four-btn"
        value="4"
      >
        4
      </button>
      <button
        class="[]"
        id="five-btn"
        value="5"
      >
        5
      </button>
      <button
        class="[]"
        id="six-btn"
        value="6"
      >
        6
      </button>
      <button
        class="[]"
        id="one-btn"
        value="1"
      >
        1
      </button>
      <button
        class="[]"
        id="two-btn"
        value="2"
      >
        2
      </button>
      <button
        class="[]"
        id="three-btn"
        value="3"
      >
        3
      </button>
      <button
        class="[]"
        id="zero-btn"
        value="0"
      >
        0
      </button>
      <button
        class="decimal"
        id="decimal-btn"
        value="."
      >
        .
      </button>
      <button
        class="all-clear"
        id="all-clear-btn"
        value="all-clear"
      >
        AC
      </button>
      <button
        class="equal-sign"
        id="equal-btn"
        value="="
      >
        =
      </button>
    </div>
  </div>
</DocumentFragment>
`;
